<html>
<body>
<pre>
<h1>µVision Build Log</h1>
<h2>Tool Versions:</h2>
IDE-Version: µVision V5.34.0.0
Copyright (C) 2021 ARM Ltd and ARM Germany GmbH. All rights reserved.
License Information: kave rafie, ravis, LIC=JL28G-VKMBM-KPNZY-IWNX7-YXSRH-FIU8E
 
Tool Versions:
Toolchain:       MDK-ARM Plus  Version: 5.34.0.0
Toolchain Path:  C:\Keil_v5\ARM\ARMCC\Bin
C Compiler:      Armcc.exe V5.06 update 7 (build 960)
Assembler:       Armasm.exe V5.06 update 7 (build 960)
Linker/Locator:  ArmLink.exe V5.06 update 7 (build 960)
Library Manager: ArmAr.exe V5.06 update 7 (build 960)
Hex Converter:   FromElf.exe V5.06 update 7 (build 960)
CPU DLL:         SARMCM3.DLL V5.34.0.0
Dialog DLL:      DARMCM1.DLL V1.19.4.0
Target DLL:      STLink\ST-LINKIII-KEIL_SWO.dll V3.0.8.0
Dialog DLL:      TARMCM1.DLL V1.14.3.0
 
<h2>Project:</h2>
C:\Users\kave\Desktop\Ravis_Kave\ravis_shared\remote\Remote_G030F6P6\MDK-ARM\Remote_G030F6P6.uvprojx
Project File Date:  11/07/2024

<h2>Output:</h2>
*** Using Compiler 'V5.06 update 7 (build 960)', folder: 'C:\Keil_v5\ARM\ARMCC\Bin'
Build target 'Remote_G030F6P6'
compiling Internal_Flash.C...
../Core/Inc/../LIB/SOFT_WARE_TIMER/CPU_TIMER.H(27): warning:  #1295-D: Deprecated declaration ini_cpu_timer - give arg types
  	void ini_cpu_timer();
../Core/Inc/../LIB/SOFT_WARE_TIMER/CPU_TIMER.H(28): warning:  #1295-D: Deprecated declaration timer_second_manager - give arg types
  	void timer_second_manager();
../Core/Inc/../LIB/SOFT_WARE_TIMER/CPU_TIMER.H(29): warning:  #1295-D: Deprecated declaration timer_basic_manager - give arg types
  	void timer_basic_manager();
../Core/Inc/../LIB/remote.h(6): warning:  #1295-D: Deprecated declaration remote_manage - give arg types
  void remote_manage();
../Core/Inc/../LIB/remote.h(7): warning:  #1295-D: Deprecated declaration normal_operation - give arg types
  void normal_operation();
../Core/Inc/../LIB/remote.h(8): warning:  #1295-D: Deprecated declaration clear_all_remote - give arg types
  void clear_all_remote();
..\Core\LIB\FLASH\Internal_Flash.C: 6 warnings, 0 errors
linking...
Program Size: Code=4392 RO-data=224 RW-data=40 ZI-data=1944  
FromELF: creating hex file...
"Remote_G030F6P6\Remote_G030F6P6.axf" - 0 Error(s), 6 Warning(s).

<h2>Software Packages used:</h2>

Package Vendor: ARM
                http://www.keil.com/pack/ARM.CMSIS.5.9.0.pack
                ARM.CMSIS.5.9.0
                CMSIS (Common Microcontroller Software Interface Standard)
   * Component: CORE Version: 5.6.0

Package Vendor: Keil
                https://www.keil.com/pack/Keil.STM32G0xx_DFP.1.5.0.pack
                Keil.STM32G0xx_DFP.1.5.0
                STMicroelectronics STM32G0 Series Device Support

<h2>Collection of Component include folders:</h2>
  .\RTE\_Remote_G030F6P6
  C:\Users\kave\AppData\Local\Arm\Packs\ARM\CMSIS\5.9.0\CMSIS\Core\Include
  C:\Users\kave\AppData\Local\Arm\Packs\Keil\STM32G0xx_DFP\1.5.0\Drivers\CMSIS\Device\ST\STM32G0xx\Include

<h2>Collection of Component Files used:</h2>

   * Component: ARM::CMSIS:CORE:5.6.0
Build Time Elapsed:  00:00:02
</pre>
</body>
</html>
